// Jest Snapshot v1, https://goo.gl/fbAQLP

exports[`render component with correct html elements 1`] = `
<button
  class="box-content cursor-pointer flex flex-col p-0 m-0"
  style="width: 100px;"
>
  <img
    alt=""
    class="hover:scale-[0.98] transition-all w-full h-full bg-black object-cover"
    src=""
  />
  <div
    class="animate-fade h-[4px] w-full bg-red-600"
  />
</button>
`;
